// Vitest Snapshot v1, https://vitest.dev/guide/snapshot.html

exports[`ShoppingCart > should match snapshot 1`] = `
<div>
  <div>
    <h2>
      Carritoo de compras
    </h2>
    <div
      data-product-name="Play Station 5"
      data-quantity="1"
      data-testid="ItemCounter"
    />
    <div
      data-product-name="Xbox Series X"
      data-quantity="1"
      data-testid="ItemCounter"
    />
    <div
      data-product-name="Nintendo Switch"
      data-quantity="1"
      data-testid="ItemCounter"
    />
  </div>
</div>
`;
